.......1........|.......2........|......null......
.......4........|.."undefined"...|.......5........
.......6........|.{"property":7}.|.......8........
